\BOOKMARK [0][]{ustcchapter.1.0}{\376\377\134\001\227\142}{}% 1
\BOOKMARK [0][]{ustcchapter.2.0}{\376\377\000T\000i\000t\000l\000e\000\040\000p\000a\000g\000e}{}% 2
\BOOKMARK [0][]{ustcchapter.3.0}{\376\377\144\130\211\201}{}% 3
\BOOKMARK [0][]{ustcchapter.4.0}{\376\377\000A\000b\000s\000t\000r\000a\000c\000t}{}% 4
\BOOKMARK [0][]{ustcchapter.5.0}{\376\377\166\356\137\125}{}% 5
\BOOKMARK [0][]{chapter.1}{\376\377\173\054\0001\172\340\000\040\137\025\212\000}{}% 6
\BOOKMARK [1][-]{section.1.1}{\376\377\0001\000.\0001\000\040\215\133\230\230\166\356\150\007\116\016\140\073\117\123\176\323\147\204}{chapter.1}% 7
\BOOKMARK [1][-]{section.1.2}{\376\377\0001\000.\0002\000\040\174\373\176\337\176\304\142\020}{chapter.1}% 8
\BOOKMARK [1][-]{section.1.3}{\376\377\0001\000.\0003\000\040\217\320\210\114\163\257\130\203}{chapter.1}% 9
\BOOKMARK [0][]{chapter.2}{\376\377\173\054\0002\172\340\000\040\156\062\147\323\173\241\176\277\213\276\213\241}{}% 10
\BOOKMARK [1][-]{section.2.1}{\376\377\0002\000.\0001\000\040\156\062\147\323\173\241\176\277}{chapter.2}% 11
\BOOKMARK [2][-]{subsection.2.1.1}{\376\377\0002\000.\0001\000.\0001\000\040\131\032\226\066\153\265\134\117\136\125\172\172\225\364\142\230\134\004}{section.2.1}% 12
\BOOKMARK [2][-]{subsection.2.1.2}{\376\377\0002\000.\0001\000.\0002\000\040\000F\000B\000O\000\040\134\072\133\370\173\126\165\145\116\016\127\120\150\007\117\356\153\143}{section.2.1}% 13
\BOOKMARK [1][-]{section.2.2}{\376\377\0002\000.\0002\000\040\134\117\136\125\172\172\225\364\142\230\134\004\133\236\163\260}{chapter.2}% 14
\BOOKMARK [2][-]{subsection.2.2.1}{\376\377\0002\000.\0002\000.\0001\000\040\142\230\134\004\145\271\124\021}{section.2.2}% 15
\BOOKMARK [2][-]{subsection.2.2.2}{\376\377\0002\000.\0002\000.\0002\000\040\217\271\177\030\130\236\137\072\116\016\205\204\201\234\123\232\136\246\137\161\124\315}{section.2.2}% 16
\BOOKMARK [1][-]{section.2.3}{\376\377\0002\000.\0003\000\040\205\204\201\234\206\171\137\151\152\041\127\213}{chapter.2}% 17
\BOOKMARK [2][-]{subsection.2.3.1}{\376\377\0002\000.\0003\000.\0001\000\040\205\204\201\234\136\162\155\211\127\372\170\100}{section.2.3}% 18
\BOOKMARK [2][-]{subsection.2.3.2}{\376\377\0002\000.\0003\000.\0002\000\040\000K\000i\000m\0002\0000\0001\0002\000\040\152\041\137\017\377\032\133\236\145\366\000\040\000R\000G\000B\000\040\154\342\225\177\221\307\150\067}{section.2.3}% 19
\BOOKMARK [2][-]{subsection.2.3.3}{\376\377\0002\000.\0003\000.\0003\000\040\000B\000e\000l\000c\000o\000u\000r\000\040\000A\000i\000r\000y\000\040\152\041\137\017\377\032\131\032\154\342\225\177\000\040\000A\000i\000r\000y\000\040\123\315\134\004\217\321\117\074}{section.2.3}% 20
\BOOKMARK [2][-]{subsection.2.3.4}{\376\377\0002\000.\0003\000.\0004\000\040\116\015\124\014\152\041\137\017\133\371\153\324}{section.2.3}% 21
\BOOKMARK [1][-]{section.2.4}{\376\377\0002\000.\0004\000\040\122\250\140\001\201\234\123\232\116\016\230\234\202\162\124\010\142\020}{chapter.2}% 22
\BOOKMARK [2][-]{subsection.2.4.1}{\376\377\0002\000.\0004\000.\0001\000\040\122\250\140\001\201\234\123\232}{section.2.4}% 23
\BOOKMARK [2][-]{subsection.2.4.2}{\376\377\0002\000.\0004\000.\0002\000\040\230\234\202\162\124\010\142\020}{section.2.4}% 24
\BOOKMARK [0][]{chapter.3}{\376\377\173\054\0003\172\340\000\040\162\151\164\006\152\041\142\337\116\016\122\250\122\233\133\146}{}% 25
\BOOKMARK [1][-]{section.3.1}{\376\377\0003\000.\0001\000\040\155\241\155\101\162\107\152\041\127\213\166\204\164\006\213\272\127\372\170\100}{chapter.3}% 26
\BOOKMARK [1][-]{section.3.2}{\376\377\0003\000.\0002\000\040\171\273\145\143\123\026\116\016\145\160\120\074\133\236\163\260}{chapter.3}% 27
\BOOKMARK [1][-]{section.3.3}{\376\377\0003\000.\0003\000\040\116\016\147\054\230\171\166\356\156\062\147\323\173\241\176\277\166\204\226\306\142\020}{chapter.3}% 28
\BOOKMARK [0][]{chapter.4}{\376\377\173\054\0004\172\340\000\040\131\032\154\341\154\341\116\244\116\222\174\373\176\337}{}% 29
\BOOKMARK [1][-]{section.4.1}{\376\377\0004\000.\0001\000\040\174\373\176\337\151\202\217\360}{chapter.4}% 30
\BOOKMARK [1][-]{section.4.2}{\376\377\0004\000.\0002\000\040\150\070\137\303\145\160\143\156\176\323\147\204}{chapter.4}% 31
\BOOKMARK [2][-]{subsection.4.2.1}{\376\377\0004\000.\0002\000.\0001\000\040\154\341\154\341\133\371\214\141\377\032\000D\000i\000s\000p\000l\000a\000y\000B\000u\000b\000b\000l\000e}{section.4.2}% 32
\BOOKMARK [2][-]{subsection.4.2.2}{\376\377\0004\000.\0002\000.\0002\000\040\143\245\211\346\121\163\174\373\377\032\000B\000u\000b\000b\000l\000e\000C\000o\000n\000t\000a\000c\000t\000P\000a\000i\000r}{section.4.2}% 33
\BOOKMARK [2][-]{subsection.4.2.3}{\376\377\0004\000.\0002\000.\0003\000\040\210\150\227\142\143\247\122\066\160\271\377\032\000S\000u\000r\000f\000a\000c\000e\000C\000o\000n\000t\000r\000o\000l}{section.4.2}% 34
\BOOKMARK [1][-]{section.4.3}{\376\377\0004\000.\0003\000\040\172\172\225\364\124\310\136\014\116\016\000B\000r\000o\000a\000d\000\040\000P\000h\000a\000s\000e}{chapter.4}% 35
\BOOKMARK [1][-]{section.4.4}{\376\377\0004\000.\0004\000\040\143\245\211\346\157\300\155\073\116\016\217\336\176\355\217\307\156\041}{chapter.4}% 36
\BOOKMARK [1][-]{section.4.5}{\376\377\0004\000.\0005\000\040\143\245\211\346\127\006\122\250\122\233\133\146\116\016\117\115\177\156\176\246\147\137}{chapter.4}% 37
\BOOKMARK [2][-]{subsection.4.5.1}{\376\377\0004\000.\0005\000.\0001\000\040\143\245\211\346\127\006\123\112\137\204}{section.4.5}% 38
\BOOKMARK [2][-]{subsection.4.5.2}{\376\377\0004\000.\0005\000.\0002\000\040\131\032\143\245\211\346\117\115\177\156\176\246\147\137\217\355\116\343}{section.4.5}% 39
\BOOKMARK [1][-]{section.4.6}{\376\377\0004\000.\0006\000\040\143\001\116\105\210\150\227\142\143\247\122\066\160\271\174\373\176\337}{chapter.4}% 40
\BOOKMARK [2][-]{subsection.4.6.1}{\376\377\0004\000.\0006\000.\0001\000\040\137\071\174\047\000-\226\073\134\074\146\364\145\260}{section.4.6}% 41
\BOOKMARK [2][-]{subsection.4.6.2}{\376\377\0004\000.\0006\000.\0002\000\040\143\245\211\346\123\072\127\337\166\204\123\330\137\142\166\356\150\007}{section.4.6}% 42
\BOOKMARK [1][-]{section.4.7}{\376\377\0004\000.\0007\000\040\143\245\211\346\123\072\127\337\220\037\136\246\121\161\116\253}{chapter.4}% 43
\BOOKMARK [1][-]{section.4.8}{\376\377\0004\000.\0008\000\040\121\161\116\253\201\234\156\062\147\323}{chapter.4}% 44
\BOOKMARK [1][-]{section.4.9}{\376\377\0004\000.\0009\000\040\137\057\146\362\121\161\116\253\201\234\116\016\000Y\000o\000u\000n\000g\000-\000L\000a\000p\000l\000a\000c\000e\123\213\122\233}{chapter.4}% 45
\BOOKMARK [1][-]{section.4.10}{\376\377\0004\000.\0001\0000\000\040\143\245\211\346\176\323\147\234\220\011\142\351}{chapter.4}% 46
\BOOKMARK [2][-]{subsection.4.10.1}{\376\377\0004\000.\0001\0000\000.\0001\000\040\122\006\171\273}{section.4.10}% 47
\BOOKMARK [2][-]{subsection.4.10.2}{\376\377\0004\000.\0001\0000\000.\0002\000\040\172\063\133\232\0008\133\127\123\314\154\341}{section.4.10}% 48
\BOOKMARK [2][-]{subsection.4.10.3}{\376\377\0004\000.\0001\0000\000.\0003\000\040\207\215\124\010}{section.4.10}% 49
\BOOKMARK [1][-]{section.4.11}{\376\377\0004\000.\0001\0001\000\040\230\316\127\072\174\373\176\337}{chapter.4}% 50
\BOOKMARK [1][-]{section.4.12}{\376\377\0004\000.\0001\0002\000\040\153\317\154\341\000D\000B\000S\000T\000T\155\241\155\101\162\107\116\377\167\037}{chapter.4}% 51
\BOOKMARK [1][-]{section.4.13}{\376\377\0004\000.\0001\0003\000\040\154\341\154\341\170\064\210\302\147\072\122\066}{chapter.4}% 52
\BOOKMARK [2][-]{subsection.4.13.1}{\376\377\0004\000.\0001\0003\000.\0001\000\040\156\062\147\323\173\241\176\277\166\204\131\032\221\315\226\062\142\244}{section.4.13}% 53
\BOOKMARK [2][-]{subsection.4.13.2}{\376\377\0004\000.\0001\0003\000.\0002\000\040\236\077\204\231\172\357\137\002\153\145\170\064\210\302\116\377\167\037}{section.4.13}% 54
\BOOKMARK [1][-]{section.4.14}{\376\377\0004\000.\0001\0004\000\040\156\062\147\323\217\336\176\355\140\047\116\016\117\123\171\357\133\210\140\122}{chapter.4}% 55
\BOOKMARK [2][-]{subsection.4.14.1}{\376\377\0004\000.\0001\0004\000.\0001\000\040\116\011\134\102\217\336\176\355\140\047\173\126\165\145}{section.4.14}% 56
\BOOKMARK [2][-]{subsection.4.14.2}{\376\377\0004\000.\0001\0004\000.\0002\000\040\117\123\171\357\133\210\140\122}{section.4.14}% 57
\BOOKMARK [1][-]{section.4.15}{\376\377\0004\000.\0001\0005\000\040\122\250\140\001\154\341\154\341\173\241\164\006}{chapter.4}% 58
\BOOKMARK [1][-]{section.4.16}{\376\377\0004\000.\0001\0006\000\040\137\123\122\115\134\100\226\120}{chapter.4}% 59
\BOOKMARK [0][]{chapter.5}{\376\377\173\054\0005\172\340\000\040\116\244\116\222\116\016\157\024\171\072}{}% 60
\BOOKMARK [1][-]{section.5.1}{\376\377\0005\000.\0001\000\040\116\244\116\222\133\236\163\260}{chapter.5}% 61
\BOOKMARK [2][-]{subsection.5.1.1}{\376\377\0005\000.\0001\000.\0001\000\040\211\346\143\247\116\244\116\222\377\010\000H\000a\000r\000m\000o\000n\000y\000O\000S\172\357\377\011}{section.5.1}% 62
\BOOKMARK [2][-]{subsection.5.1.2}{\376\377\0005\000.\0001\000.\0002\000\040\150\114\227\142\172\357\137\000\123\321\163\257\130\203}{section.5.1}% 63
\BOOKMARK [2][-]{subsection.5.1.3}{\376\377\0005\000.\0001\000.\0003\000\040\165\114\227\142\123\302\145\160}{section.5.1}% 64
\BOOKMARK [1][-]{section.5.2}{\376\377\0005\000.\0002\000\040\157\024\171\072\127\072\146\157}{chapter.5}% 65
\BOOKMARK [2][-]{subsection.5.2.1}{\376\377\0005\000.\0002\000.\0001\000\040\176\374\124\010\137\000\127\072\127\072\146\157\377\010\000S\000c\000e\000n\000e\143\011\224\256\377\011}{section.5.2}% 66
\BOOKMARK [2][-]{subsection.5.2.2}{\376\377\0005\000.\0002\000.\0002\000\040\123\314\154\341\116\023\230\171\157\024\171\072\377\010\000D\000e\000m\000o\143\011\224\256\377\011}{section.5.2}% 67
\BOOKMARK [1][-]{section.5.3}{\376\377\0005\000.\0003\000\040\230\316\127\072\157\024\171\072}{chapter.5}% 68
\BOOKMARK [0][]{chapter.6}{\376\377\173\054\0006\172\340\000\040\176\323\147\234\116\016\122\006\147\220}{}% 69
\BOOKMARK [1][-]{section.6.1}{\376\377\0006\000.\0001\000\040\174\373\176\337\142\020\147\234}{chapter.6}% 70
\BOOKMARK [2][-]{subsection.6.1.1}{\376\377\0006\000.\0001\000.\0001\000\040\156\062\147\323\116\016\121\111\133\146}{section.6.1}% 71
\BOOKMARK [2][-]{subsection.6.1.2}{\376\377\0006\000.\0001\000.\0002\000\040\131\032\154\341\154\341\116\244\116\222}{section.6.1}% 72
\BOOKMARK [2][-]{subsection.6.1.3}{\376\377\0006\000.\0001\000.\0003\000\040\122\250\122\233\133\146\116\016\116\244\116\222}{section.6.1}% 73
\BOOKMARK [2][-]{subsection.6.1.4}{\376\377\0006\000.\0001\000.\0004\000\040\135\345\172\013\133\214\145\164\140\047}{section.6.1}% 74
\BOOKMARK [1][-]{section.6.2}{\376\377\0006\000.\0002\000\040\145\110\147\234\134\125\171\072}{chapter.6}% 75
\BOOKMARK [2][-]{subsection.6.2.1}{\376\377\0006\000.\0002\000.\0001\000\040\131\032\154\341\154\341\143\245\211\346\127\072\146\157}{section.6.2}% 76
\BOOKMARK [2][-]{subsection.6.2.2}{\376\377\0006\000.\0002\000.\0002\000\040\121\161\116\253\201\234\116\016\143\245\211\346\127\006}{section.6.2}% 77
\BOOKMARK [2][-]{subsection.6.2.3}{\376\377\0006\000.\0002\000.\0003\000\040\116\011\171\315\143\245\211\346\176\323\147\234\133\371\153\324}{section.6.2}% 78
\BOOKMARK [2][-]{subsection.6.2.4}{\376\377\0006\000.\0002\000.\0004\000\040\137\057\146\362\121\161\116\253\201\234}{section.6.2}% 79
\BOOKMARK [1][-]{section.6.3}{\376\377\0006\000.\0003\000\040\140\047\200\375\122\006\147\220}{chapter.6}% 80
\BOOKMARK [1][-]{section.6.4}{\376\377\0006\000.\0004\000\040\134\100\226\120\116\016\134\125\147\033}{chapter.6}% 81
\BOOKMARK [1][-]{section.6.5}{\376\377\0006\000.\0005\000\040\140\073\176\323}{chapter.6}% 82
\BOOKMARK [0][]{chapter*.27}{\376\377\123\302\200\003\145\207\163\056}{}% 83
